// Jest Snapshot v1, https://goo.gl/fbAQLP

exports[`Input Component should render correctly and matches snapshot 1`] = `
<DocumentFragment>
  <div
    class="MuiFormControl-root MuiFormControl-fullWidth MuiTextField-root css-fm6yoz-MuiFormControl-root-MuiTextField-root"
  >
    <label
      class="MuiFormLabel-root MuiInputLabel-root MuiInputLabel-formControl MuiInputLabel-animated MuiInputLabel-sizeSmall MuiInputLabel-filled MuiFormLabel-colorPrimary MuiInputLabel-root MuiInputLabel-formControl MuiInputLabel-animated MuiInputLabel-sizeSmall MuiInputLabel-filled css-1mog9k0-MuiFormLabel-root-MuiInputLabel-root"
      data-shrink="false"
      for=":r0:"
      id=":r0:-label"
    >
      Test Input
    </label>
    <div
      class="MuiInputBase-root MuiFilledInput-root MuiFilledInput-underline MuiInputBase-colorPrimary MuiInputBase-fullWidth MuiInputBase-formControl MuiInputBase-sizeSmall css-hwkq3c-MuiInputBase-root-MuiFilledInput-root"
    >
      <input
        aria-invalid="false"
        class="MuiInputBase-input MuiFilledInput-input MuiInputBase-inputSizeSmall css-c5v1qu-MuiInputBase-input-MuiFilledInput-input"
        id=":r0:"
        type="text"
        value=""
      />
    </div>
  </div>
</DocumentFragment>
`;
